
===== Amulet
  chosen: null (유니크가 현행 희귀를 못 이김)

===== Ring 2
  chosen: null (유니크가 현행 희귀를 못 이김)
  방어 전용 상위:
    item.bereks-respite                EHP      +703  DPS     -83,728
    item.blistering-bond               EHP      +562  DPS     -83,728
    item.the-taming                    EHP      +537  DPS     -83,728

===== Gloves
  chosen: null (유니크가 현행 희귀를 못 이김)

===== Boots
  chosen: null (유니크가 현행 희귀를 못 이김)

===== Helmet
  chosen: null (유니크가 현행 희귀를 못 이김)
  conditional_peaks: [{"label": "item.the-bringer-of-rain", "slot": "Helmet", "scaling_axes": [], "probe": "+100 to Intelligence\n+50 to Strength", "delta_now": {"CombinedDPS": 38255.5892, "IgniteDPS": 5276.2442, "TotalEHP": -2780.9465, "Life": -421.0, "EnergyShield": -703.0, "Armour": 1168.0, "Evasion": 1300.0, "MovementSpeedMod": 0.03}, "delta_probed": {"CombinedDPS": 38255.5892, "IgniteDPS": 5276.2442, "TotalEHP": 

===== Body Armour
  chosen: null (유니크가 현행 희귀를 못 이김)
  conditional_peaks: [{"label": "item.ghostwrithe", "slot": "Body Armour", "scaling_axes": ["life"], "probe": "+1000 to maximum Life", "delta_now": {"CombinedDPS": 0.0, "IgniteDPS": 0.0, "TotalEHP": 5216.3562, "Life": -1011.0, "EnergyShield": 3083.0, "Armour": 0.0, "Evasion": -1402.0, "MovementSpeedMod": 0.0}, "delta_probed": {"CombinedDPS": 0.0, "IgniteDPS": 0.0, "TotalEHP": 7789.6459, "Life": -1410.0, "EnergyShield"

===== Belt
  chosen: null (유니크가 현행 희귀를 못 이김)

완료
