
===== Helmet / Grinning Mask
  legal: True | unmeasurable: 14
  text:
    Rarity: RARE
    Engineered Helmet
    Grinning Mask
    Evasion: 481
    Energy Shield: 146
    Crafted: true
    Prefix: {range:0.5}LocalIncreasedEvasionAndEnergyShield7
    Prefix: {range:0.5}LocalIncreasedEvasionAndEnergyShieldAndLife6
    Prefix: {range:0.5}None
    Suffix: {range:0.5}CriticalStrikeChance5
    Suffix: {range:0.5}FireResist8
    Suffix: {range:0.5}LightningResist8
    Quality: 0
    LevelReq: 80
    Implicits: 0
    137% increased Evasion and Energy Shield
    +46 to maximum Life
    32% increased Critical Hit Chance
    +43% to Fire Resistance
    +43% to Lightning Resistance
    {custom}{range:0.5}(15-25)% increased Evasion and Energy Shield
    Corrupted

===== Belt / Invoking Belt
  legal: True | unmeasurable: 17
  text:
    Rarity: RARE
    Engineered Belt
    Invoking Belt
    Charm Slots: 0
    Crafted: true
    Prefix: {range:0.5}IncreasedEnergyShield10
    Prefix: {range:0.5}IncreasedLife10
    Prefix: {range:0.5}DamageRemovedFromManaBeforeLife4
    Suffix: {range:0.5}FireResist8
    Suffix: {range:0.5}ChaosResist6
    Suffix: {range:0.5}ColdResist8
    LevelReq: 65
    Implicits: 1
    {range:0.5}(8-12)% increased Cast Speed
    +85 to maximum Energy Shield
    +162 to maximum Life
    +43% to Fire Resistance
    +43% to Cold Resistance
    +26% to Chaos Resistance
    14% of Damage is taken from Mana before Life
    {custom}{range:0.5}+(20-25)% to Fire Resistance
    Corrupted

===== Gloves / Vaal Wraps
  legal: True | unmeasurable: 20
  text:
    Rarity: RARE
    Engineered Gloves
    Vaal Wraps
    Evasion: 350
    Energy Shield: 110
    Crafted: true
    Prefix: {range:0.5}LocalIncreasedEvasionAndEnergyShield7
    Prefix: {range:0.5}LocalBaseEvasionRatingAndEnergyShield4
    Prefix: {range:0.5}IncreasedLife9
    Suffix: {range:0.5}CriticalMultiplier5
    Suffix: {range:0.5}AlloyDamagingAilmentDuration1
    Suffix: {range:0.5}AlloyCastSpeedGloves1
    Quality: 0
    LevelReq: 75
    Implicits: 0
    +72 to Evasion Rating
    +24 to maximum Energy Shield
    96% increased Evasion and Energy Shield
    +135 to maximum Life
    32% increased Critical Damage Bonus
    11% increased Cast Speed
    23% increased Duration of Damaging Ailments on Enemies
    {custom}{range:0.5}(15-25)% increased Evasion and Energy Shield
    Corrupted

===== Boots / Quickslip Shoes
  legal: True | unmeasurable: 13
  text:
    Rarity: RARE
    Engineered Boots
    Quickslip Shoes
    Evasion: 404
    Energy Shield: 127
    Crafted: true
    Prefix: {range:0.5}LocalIncreasedEvasionAndEnergyShield7
    Prefix: {range:0.5}LocalBaseEvasionRatingAndEnergyShield4
    Prefix: {range:0.5}IncreasedLife9
    Suffix: {range:0.5}FireResist8
    Suffix: {range:0.5}LightningResist8
    Suffix: {range:0.5}ChaosResist6
    Quality: 0
    LevelReq: 75
    Implicits: 0
    +72 to Evasion Rating
    +24 to maximum Energy Shield
    96% increased Evasion and Energy Shield
    +135 to maximum Life
    +43% to Fire Resistance
    +43% to Lightning Resistance
    +26% to Chaos Resistance
    {custom}{range:0.5}+(20-25)% to Fire Resistance
    Corrupted

===== Amulet / Stellar Amulet
  legal: True | unmeasurable: 32
  text:
    Rarity: RARE
    Engineered Amulet
    Stellar Amulet
    Crafted: true
    Prefix: {range:0.5}SpellDamage6
    Prefix: {range:0.5}IncreasedEnergyShield10
    Prefix: {range:0.5}EssenceGlobalDefences1
    Suffix: {range:0.5}GlobalProjectileSkillGemLevel3
    Suffix: {range:0.5}CriticalMultiplier6
    Suffix: {range:0.5}CastSpeedJewellery6
    LevelReq: 64
    Implicits: 1
    {range:0.5}+(5-7) to all Attributes
    29% increased Spell Damage
    +85 to maximum Energy Shield
    +3 to Level of all Projectile Skills
    37% increased Critical Damage Bonus
    27% increased Cast Speed
    25% increased Global Armour, Evasion and Energy Shield
    {custom}+1 to Level of all Skills
    Corrupted

===== Ring 1 / Ruby Ring
  legal: True | unmeasurable: 23
  text:
    Rarity: RARE
    Engineered Ring 1
    Ruby Ring
    Crafted: true
    Prefix: {range:0.5}SpellDamageRing8
    Prefix: {range:0.5}FireDamagePercent6
    Prefix: {range:0.5}ChaosDamagePercent6
    Suffix: {range:0.5}GlobalIncreaseSpellSkillGemLevel1
    Suffix: {range:0.5}SpellCriticalStrikeMultiplierRing6
    Suffix: {range:0.5}CastSpeedJewellery5
    LevelReq: 65
    Implicits: 1
    {range:0.5}+(20-30)% to Fire Resistance
    37% increased Spell Damage
    29% increased Fire Damage
    29% increased Chaos Damage
    +1 to Level of all Spell Skills
    28% increased Critical Spell Damage Bonus
    23% increased Cast Speed
    {custom}{range:0.5}(20-30)% increased Damage
    Corrupted

===== Ring 2 / Ruby Ring
  legal: True | unmeasurable: 23
  text:
    Rarity: RARE
    Engineered Ring 2
    Ruby Ring
    Crafted: true
    Prefix: {range:0.5}SpellDamageRing8
    Prefix: {range:0.5}FireDamagePercent6
    Prefix: {range:0.5}ChaosDamagePercent6
    Suffix: {range:0.5}GlobalIncreaseSpellSkillGemLevel1
    Suffix: {range:0.5}SpellCriticalStrikeMultiplierRing6
    Suffix: {range:0.5}CastSpeedJewellery5
    LevelReq: 65
    Implicits: 1
    {range:0.5}+(20-30)% to Fire Resistance
    37% increased Spell Damage
    29% increased Fire Damage
    29% increased Chaos Damage
    +1 to Level of all Spell Skills
    28% increased Critical Spell Damage Bonus
    23% increased Cast Speed
    {custom}{range:0.5}(20-30)% increased Damage
    Corrupted

완료
