기준선(보조 0): CombinedDPS=80,732  IgniteDPS=7,498

보조                         CombinedDPS      배율   IgniteDPS
------------------------------------------------------------
Ignite III                      83,684  1.037x      10,449
Xoph's Pyre                    106,009  1.313x      10,732
Fire Attunement                100,923  1.250x      10,069
Eternal Flame II                82,609  1.023x       9,374
Ignite II                       82,716  1.025x       9,481
Eternal Flame I                 81,874  1.014x       8,640
Concentrated Effect                  — PoB에 없음
Magnified Effect                     — PoB에 없음
Elemental Focus                 90,854  1.125x           0
Lightning Attunement            50,587  0.627x       4,814
Searing Flame II                60,102  0.744x       8,839

상위 5: ["Xoph's Pyre", 'Fire Attunement', 'Elemental Focus', 'Ignite III', 'Ignite II']
  Xoph's Pyre + Fire Attunement + Elemental Focus                 134,920 1.671x  마나  267
  Xoph's Pyre + Fire Attunement + Ignite III                      128,973 1.598x  마나  321
  Xoph's Pyre + Fire Attunement + Ignite II                       127,453 1.579x  마나  321
  Xoph's Pyre + Elemental Focus + Ignite III                      112,896 1.398x  마나  321
  Xoph's Pyre + Elemental Focus + Ignite II                       112,896 1.398x  마나  321
  Xoph's Pyre + Ignite III + Ignite II                            107,563 1.332x  마나  321
  Fire Attunement + Elemental Focus + Ignite III                  112,879 1.398x  마나  267
  Fire Attunement + Elemental Focus + Ignite II                   112,879 1.398x  마나  267
  Fire Attunement + Ignite III + Ignite II                        102,575 1.271x  마나  267
  Elemental Focus + Ignite III + Ignite II                         90,854 1.125x  마나  267
  Xoph's Pyre + Fire Attunement + Elemental Focus + Ignite III      134,920 1.671x  마나  321
  Xoph's Pyre + Fire Attunement + Elemental Focus + Ignite II      134,920 1.671x  마나  321
  Xoph's Pyre + Fire Attunement + Ignite III + Ignite II          127,453 1.579x  마나  321
  Xoph's Pyre + Elemental Focus + Ignite III + Ignite II          112,896 1.398x  마나  321
  Fire Attunement + Elemental Focus + Ignite III + Ignite II      112,879 1.398x  마나  267
  Xoph's Pyre + Fire Attunement + Elemental Focus + Ignite III + Ignite II      134,920 1.671x  마나  321
